// Jest Snapshot v1, https://goo.gl/fbAQLP

exports[`test message input match Snapshot 1`] = `
Object {
  "asFragment": [Function],
  "baseElement": <body>
    <div>
      <div
        class="str-chat str-chat-channel messaging light "
      >
        <div
          class="str-chat__container"
        >
          <div
            class="str-chat__main-panel   "
          >
            <div
              class="
			  rfu-dropzone
			  
			  
			"
              role="button"
              style="position: relative;"
              tabindex="-1"
            >
              <div
                class="rfu-dropzone__notifier"
              >
                <div
                  class="rfu-dropzone__inner"
                >
                  <svg
                    height="41"
                    viewBox="0 0 41 41"
                    width="41"
                    xmlns="http://www.w3.org/2000/svg"
                  >
                    <path
                      d="M40.517 28.002V3.997c0-2.197-1.808-3.992-4.005-3.992H12.507a4.004 4.004 0 0 0-3.992 3.993v24.004a4.004 4.004 0 0 0 3.992 3.993h24.005c2.197 0 4.005-1.795 4.005-3.993zm-22.002-7.997l4.062 5.42 5.937-7.423 7.998 10H12.507l6.008-7.997zM.517 8.003V36c0 2.198 1.795 4.005 3.993 4.005h27.997V36H4.51V8.002H.517z"
                      fill="#000"
                      fill-rule="nonzero"
                    />
                  </svg>
                  <p>
                    Drag your files here to add to your post
                  </p>
                </div>
              </div>
              <div
                class="sc-ispOId dEptGl"
              >
                <div
                  class="rfu-file-upload-button"
                >
                  <label>
                    <input
                      aria-label="File input"
                      class="rfu-file-input"
                      multiple=""
                      type="file"
                    />
                    <img
                      alt="Attach"
                      class="sc-iVCKna gEEioe"
                      src="[object Object]"
                    />
                  </label>
                </div>
                <div
                  class="sc-kcuKUB fHxCqo"
                >
                  <div
                    class="rta  str-chat__textarea"
                  >
                    <textarea
                      aria-label="Enter your message"
                      class="rta__textarea str-chat__textarea__textarea"
                      data-testid="message-input"
                      placeholder="Enter your message"
                      rows="1"
                    />
                  </div>
                  <div
                    class="sc-bgqQcB gckPcd"
                  >
                    <img
                      class="sc-gTRrQi fPcYip"
                      src="[object Object]"
                    />
                  </div>
                </div>
              </div>
            </div>
          </div>
        </div>
      </div>
    </div>
  </body>,
  "container": <div>
    <div
      class="str-chat str-chat-channel messaging light "
    >
      <div
        class="str-chat__container"
      >
        <div
          class="str-chat__main-panel   "
        >
          <div
            class="
			  rfu-dropzone
			  
			  
			"
            role="button"
            style="position: relative;"
            tabindex="-1"
          >
            <div
              class="rfu-dropzone__notifier"
            >
              <div
                class="rfu-dropzone__inner"
              >
                <svg
                  height="41"
                  viewBox="0 0 41 41"
                  width="41"
                  xmlns="http://www.w3.org/2000/svg"
                >
                  <path
                    d="M40.517 28.002V3.997c0-2.197-1.808-3.992-4.005-3.992H12.507a4.004 4.004 0 0 0-3.992 3.993v24.004a4.004 4.004 0 0 0 3.992 3.993h24.005c2.197 0 4.005-1.795 4.005-3.993zm-22.002-7.997l4.062 5.42 5.937-7.423 7.998 10H12.507l6.008-7.997zM.517 8.003V36c0 2.198 1.795 4.005 3.993 4.005h27.997V36H4.51V8.002H.517z"
                    fill="#000"
                    fill-rule="nonzero"
                  />
                </svg>
                <p>
                  Drag your files here to add to your post
                </p>
              </div>
            </div>
            <div
              class="sc-ispOId dEptGl"
            >
              <div
                class="rfu-file-upload-button"
              >
                <label>
                  <input
                    aria-label="File input"
                    class="rfu-file-input"
                    multiple=""
                    type="file"
                  />
                  <img
                    alt="Attach"
                    class="sc-iVCKna gEEioe"
                    src="[object Object]"
                  />
                </label>
              </div>
              <div
                class="sc-kcuKUB fHxCqo"
              >
                <div
                  class="rta  str-chat__textarea"
                >
                  <textarea
                    aria-label="Enter your message"
                    class="rta__textarea str-chat__textarea__textarea"
                    data-testid="message-input"
                    placeholder="Enter your message"
                    rows="1"
                  />
                </div>
                <div
                  class="sc-bgqQcB gckPcd"
                >
                  <img
                    class="sc-gTRrQi fPcYip"
                    src="[object Object]"
                  />
                </div>
              </div>
            </div>
          </div>
        </div>
      </div>
    </div>
  </div>,
  "debug": [Function],
  "findAllByAltText": [Function],
  "findAllByDisplayValue": [Function],
  "findAllByLabelText": [Function],
  "findAllByPlaceholderText": [Function],
  "findAllByRole": [Function],
  "findAllByTestId": [Function],
  "findAllByText": [Function],
  "findAllByTitle": [Function],
  "findByAltText": [Function],
  "findByDisplayValue": [Function],
  "findByLabelText": [Function],
  "findByPlaceholderText": [Function],
  "findByRole": [Function],
  "findByTestId": [Function],
  "findByText": [Function],
  "findByTitle": [Function],
  "getAllByAltText": [Function],
  "getAllByDisplayValue": [Function],
  "getAllByLabelText": [Function],
  "getAllByPlaceholderText": [Function],
  "getAllByRole": [Function],
  "getAllByTestId": [Function],
  "getAllByText": [Function],
  "getAllByTitle": [Function],
  "getByAltText": [Function],
  "getByDisplayValue": [Function],
  "getByLabelText": [Function],
  "getByPlaceholderText": [Function],
  "getByRole": [Function],
  "getByTestId": [Function],
  "getByText": [Function],
  "getByTitle": [Function],
  "queryAllByAltText": [Function],
  "queryAllByDisplayValue": [Function],
  "queryAllByLabelText": [Function],
  "queryAllByPlaceholderText": [Function],
  "queryAllByRole": [Function],
  "queryAllByTestId": [Function],
  "queryAllByText": [Function],
  "queryAllByTitle": [Function],
  "queryByAltText": [Function],
  "queryByDisplayValue": [Function],
  "queryByLabelText": [Function],
  "queryByPlaceholderText": [Function],
  "queryByRole": [Function],
  "queryByTestId": [Function],
  "queryByText": [Function],
  "queryByTitle": [Function],
  "rerender": [Function],
  "unmount": [Function],
}
`;
