// Jest Snapshot v1, https://goo.gl/fbAQLP

exports[`ClientContact ClientContact Snapshot 1`] = `
<div
  className="sc-ewnqHT jLSBow"
>
  <div
    className="sc-fFGjHI exUEJr"
  >
    <img
      className="sc-dicizt hhLdfQ"
      id="phoneIcon"
      src={Object {}}
    />
    <p
      className="sc-gTRrQi eWXWTs"
      color="#271A51"
      data-testid="phone_number"
      fontSize={16}
      fontWeight="500"
    />
  </div>
  <div
    className="sc-fFGjHI exUEJr"
  >
    <img
      className="sc-dicizt hhLdfQ"
      id="emailIcon"
      src={Object {}}
    />
    <p
      className="sc-gTRrQi eWXWTs"
      color="#271A51"
      data-testid="email"
      fontSize={16}
      fontWeight="500"
    />
  </div>
  <div
    className="sc-fFGjHI exUEJr"
  >
    <button
      className="sc-bgqQcB hrunJP"
      color="#271A51"
      data-testid="ageButton"
      fontSize={14}
      id="ageButton"
    />
    <span
      className="sc-iVCKna jaFFvY"
    />
    <button
      className="sc-bgqQcB bNGpES"
      color="#271A51"
      data-testid="typeButton"
      fontSize={14}
      id="typeButton"
    />
  </div>
</div>
`;
